2025-12-08 23: 19: 19: 1919 [35mhttp[39m: [35m::1 GET / 200 - - 22.435 ms[39m
[35m[39m
2025-12-08 23: 19: 19: 1919 [35mhttp[39m: [35m::1 GET /moskv.jpg 200 - - 2.773 ms[39m
[35m[39m
2025-12-08 23: 19: 19: 1919 [35mhttp[39m: [35m::1 GET /spb.jpg 200 - - 4.294 ms[39m
[35m[39m
2025-12-08 23: 19: 19: 1919 [35mhttp[39m: [35m::1 GET /kazan.jpg 200 - - 1.238 ms[39m
[35m[39m
2025-12-08 23: 19: 26: 1926 [35mhttp[39m: [35m::1 GET / 304 - - 6.598 ms[39m
[35m[39m
2025-12-08 23: 19: 26: 1926 [35mhttp[39m: [35m::1 GET /moskv.jpg 304 - - 1.693 ms[39m
[35m[39m
2025-12-08 23: 19: 26: 1926 [35mhttp[39m: [35m::1 GET /spb.jpg 304 - - 2.093 ms[39m
[35m[39m
2025-12-08 23: 19: 26: 1926 [35mhttp[39m: [35m::1 GET /kazan.jpg 304 - - 2.195 ms[39m
[35m[39m
2025-12-08 23: 19: 27: 1927 [35mhttp[39m: [35m::1 GET /favicon.ico 404 - - 1.299 ms[39m
[35m[39m
2025-12-08 23: 20: 35: 2035 [35mhttp[39m: [35m::1 GET / 304 - - 20.084 ms[39m
[35m[39m
2025-12-08 23: 20: 37: 2037 [35mhttp[39m: [35m::1 GET / 304 - - 5.903 ms[39m
[35m[39m
2025-12-08 23: 21: 01: 211 [35mhttp[39m: [35m::1 GET / 304 - - 6.251 ms[39m
[35m[39m
2025-12-08 23: 21: 02: 212 [35mhttp[39m: [35m::1 GET /about 404 - - 1.053 ms[39m
[35m[39m
2025-12-08 23: 21: 46: 2146 [35mhttp[39m: [35m::1 GET / 200 - - 5.305 ms[39m
[35m[39m
2025-12-08 23: 21: 46: 2146 [35mhttp[39m: [35m::1 GET /favicon.ico 404 - - 0.288 ms[39m
[35m[39m
2025-12-08 23: 25: 30: 2530 [35mhttp[39m: [35m::1 GET / 304 - - 20.260 ms[39m
[35m[39m
2025-12-08 23: 25: 30: 2530 [35mhttp[39m: [35m::1 GET / 304 - - 20.260 ms[39m
[35m[39m
2025-12-08 23: 25: 30: 2530 [35mhttp[39m: [35m::1 GET /moskv.jpg 304 - - 1.821 ms[39m
[35m[39m
2025-12-08 23: 25: 30: 2530 [35mhttp[39m: [35m::1 GET /spb.jpg 304 - - 2.294 ms[39m
[35m[39m
2025-12-08 23: 25: 30: 2530 [35mhttp[39m: [35m::1 GET /kazan.jpg 304 - - 1.165 ms[39m
[35m[39m
2025-12-08 23: 26: 44: 2644 [32minfo[39m: 
2025-12-08 23: 28: 04: 284 [32minfo[39m: [32mСервер запущен на порту 8080}[39m
2025-12-08 23: 28: 13: 2813 [35mhttp[39m: [35m::1 GET / 304 - - 19.869 ms[39m
[35m[39m
2025-12-08 23: 28: 13: 2813 [35mhttp[39m: [35m::1 GET / 304 - - 19.869 ms[39m
[35m[39m
2025-12-08 23: 28: 13: 2813 [35mhttp[39m: [35m::1 GET /moskv.jpg 304 - - 2.252 ms[39m
[35m[39m
2025-12-08 23: 28: 13: 2813 [35mhttp[39m: [35m::1 GET /spb.jpg 304 - - 2.110 ms[39m
[35m[39m
2025-12-08 23: 28: 13: 2813 [35mhttp[39m: [35m::1 GET /kazan.jpg 304 - - 1.197 ms[39m
[35m[39m
2025-12-08 23: 31: 15: 3115 [35mhttp[39m: [35m::1 GET /auth/signup 304 - - 6.542 ms[39m
[35m[39m
2025-12-08 23: 31: 19: 3119 [35mhttp[39m: [35m::1 GET /auth/signin 200 - - 6.424 ms[39m
[35m[39m
2025-12-08 23: 31: 30: 3130 [32minfo[39m: [32mПроверка статуса API: Все в порядке[39m
2025-12-08 23: 31: 30: 3130 [35mhttp[39m: [35m::1 GET /api/status 200 - - 0.869 ms[39m
[35m[39m
2025-12-08 23: 31: 30: 3130 [35mhttp[39m: [35m::1 GET /api/status 200 - - 0.869 ms[39m
[35m[39m
2025-12-08 23: 31: 52: 3152 [35mhttp[39m: [35m::ffff:127.0.0.1 GET /auth/signin 200 - - 5.945 ms[39m
[35m[39m
2025-12-08 23: 31: 52: 3152 [35mhttp[39m: [35m::ffff:127.0.0.1 GET /favicon.ico 404 - - 0.858 ms[39m
[35m[39m
2025-12-08 23: 31: 52: 3152 [35mhttp[39m: [35m::ffff:127.0.0.1 GET /favicon.ico 404 - - 0.858 ms[39m
[35m[39m
2025-12-08 23: 32: 14: 3214 [35mhttp[39m: [35m::1 GET / 304 - - 5.918 ms[39m
[35m[39m
2025-12-08 23: 32: 14: 3214 [35mhttp[39m: [35m::1 GET / 304 - - 5.918 ms[39m
[35m[39m
2025-12-08 23: 32: 14: 3214 [35mhttp[39m: [35m::1 GET /moskv.jpg 304 - - 2.274 ms[39m
[35m[39m
2025-12-08 23: 32: 14: 3214 [35mhttp[39m: [35m::1 GET /spb.jpg 304 - - 1.932 ms[39m
[35m[39m
2025-12-08 23: 32: 14: 3214 [35mhttp[39m: [35m::1 GET /kazan.jpg 304 - - 1.998 ms[39m
[35m[39m
2025-12-08 23: 32: 28: 3228 [32minfo[39m: [32mПроверка статуса API: Все в порядке[39m
2025-12-08 23: 32: 28: 3228 [35mhttp[39m: [35m::1 GET /api/status 200 - - 0.573 ms[39m
[35m[39m
2025-12-08 23: 32: 28: 3228 [35mhttp[39m: [35m::1 GET /api/status 200 - - 0.573 ms[39m
[35m[39m
2025-12-13 22: 09: 08: 98 [32minfo[39m: [32mСервер запущен на порту 8080}[39m
2025-12-13 22: 09: 11: 911 [35mhttp[39m: [35m::1 GET / 200 - - 20.282 ms[39m
[35m[39m
2025-12-13 22: 09: 11: 911 [35mhttp[39m: [35m::1 GET / 200 - - 20.282 ms[39m
[35m[39m
2025-12-13 22: 09: 11: 911 [35mhttp[39m: [35m::1 GET /moskv.jpg 200 - - 6.080 ms[39m
[35m[39m
2025-12-13 22: 09: 11: 911 [35mhttp[39m: [35m::1 GET /spb.jpg 200 - - 4.418 ms[39m
[35m[39m
2025-12-13 22: 09: 11: 911 [35mhttp[39m: [35m::1 GET /kazan.jpg 200 - - 2.028 ms[39m
[35m[39m
2025-12-13 22: 09: 11: 911 [35mhttp[39m: [35m::1 GET /favicon.ico 404 - - 1.262 ms[39m
[35m[39m
2025-12-13 22: 09: 11: 911 [35mhttp[39m: [35m::1 GET /favicon.ico 404 - - 1.262 ms[39m
[35m[39m
2025-12-13 22: 09: 14: 914 [35mhttp[39m: [35m::1 GET /auth/signup 200 - - 6.081 ms[39m
[35m[39m
2025-12-13 22: 10: 22: 1022 [35mhttp[39m: [35m::1 POST /auth/signup 500 - - 228.570 ms[39m
[35m[39m
2025-12-13 22: 16: 06: 166 [32minfo[39m: [32mСервер запущен на порту 8080}[39m
2025-12-13 22: 16: 19: 1619 [35mhttp[39m: [35m::1 POST /auth/signup 400 - - 72.298 ms[39m
[35m[39m
2025-12-13 22: 17: 09: 179 [35mhttp[39m: [35m::1 POST /auth/signup 400 - - 3.656 ms[39m
[35m[39m
2025-12-13 22: 17: 59: 1759 [32minfo[39m: [32mСервер запущен на порту 8080}[39m
2025-12-13 22: 18: 17: 1817 [35mhttp[39m: [35m::1 POST /auth/signup 200 - - 173.717 ms[39m
[35m[39m
